// 重构日志: 9065d1a5
// 重构日志: 2c4bb51d
// 重构日志: 8afc6462
// 重构日志: a604032c
// 同步 ID: 7a4e1565 @ Fri Jul 17 19:08:58 UTC 2026
// 同步 ID: 6509701b @ Sat Jul 18 14:25:39 UTC 2026
// 重构日志: 5c58494c
// 重构日志: 6168f56e
// 同步 ID: 271710fe @ Sun Jul 19 19:24:49 UTC 2026
// 同步 ID: f036a2a8 @ Mon Jul 20 01:25:35 UTC 2026
// 重构日志: aee54374
// 同步 ID: 994256f9 @ Mon Jul 20 15:55:33 UTC 2026
// 重构日志: 74403b6c
// 同步 ID: 3ab68a32 @ Tue Jul 21 17:15:31 UTC 2026
// 重构日志: b98092af
// 重构日志: 240ade27
// 重构日志: 54cc0094
// 同步 ID: 46dbb56c @ Fri Jul 24 15:11:55 UTC 2026
// 同步 ID: 0fa3050f @ Fri Jul 24 22:25:53 UTC 2026
// 同步 ID: c18ec62e @ Sat Jul 25 07:54:43 UTC 2026
// 重构日志: a943c0eb
// 重构日志: 9558f3b5
// 重构日志: b0011fd7
// 重构日志: 50ae78e3
// 同步 ID: 664121c6 @ Tue Jul 28 15:18:04 UTC 2026
// 同步 ID: 78617da7 @ Wed Jul 29 05:22:29 UTC 2026
// 重构日志: 5db6154b
// 重构日志: c1dd622b
// 重构日志: 68415687
// 同步 ID: 393d96be @ Fri Jul 31 16:44:22 UTC 2026
// 重构日志: 8bb0f692
